
C:\Users\Linux\Downloads\06_12\obj\EXTI_config.o:     file format elf32-littlearm
C:\Users\Linux\Downloads\06_12\obj\EXTI_config.o

Disassembly of section .text.EXTI_Configuration:

00000000 <EXTI_Configuration>:
EXTI_Configuration():
C:\Users\Linux\Downloads\06_12\src/EXTI_config.c:7
/*
    EXIT 설정에 관련된 코드들을 함수화하여 나타낸 c파일
*/

void EXTI_Configuration()
{
   0:	e92d 4177 	stmdb	sp!, {r0, r1, r2, r4, r5, r6, r8, lr}
C:\Users\Linux\Downloads\06_12\src/EXTI_config.c:12
    EXTI_InitTypeDef EXTI_InitStructure_KEY;

    /* Configure gpio as input : Button Left-WKUP */
    /* Connect EXTI Line to gpio pin */
    GPIO_EXTILineConfig(GPIOA, GPIO_Pin_0);
   4:	2101      	movs	r1, #1
   6:	2000      	movs	r0, #0
   8:	f7ff fffe 	bl	0 <GPIO_EXTILineConfig>
C:\Users\Linux\Downloads\06_12\src/EXTI_config.c:15

    /* Configure EXTI Line to generate an interrupt */
    EXTI_InitStructure_KEY.EXTI_Line    = EXTI_Line0;
   c:	2501      	movs	r5, #1
C:\Users\Linux\Downloads\06_12\src/EXTI_config.c:16
    EXTI_InitStructure_KEY.EXTI_Mode    = EXTI_Mode_Interrupt;
   e:	2400      	movs	r4, #0
C:\Users\Linux\Downloads\06_12\src/EXTI_config.c:17
    EXTI_InitStructure_KEY.EXTI_Trigger = EXTI_Trigger_Rising_Falling ;
  10:	f04f 0810 	mov.w	r8, #16	; 0x10
C:\Users\Linux\Downloads\06_12\src/EXTI_config.c:19
    EXTI_InitStructure_KEY.EXTI_LineCmd = ENABLE;
    EXTI_Init(&EXTI_InitStructure_KEY);
  14:	4668      	mov	r0, sp
C:\Users\Linux\Downloads\06_12\src/EXTI_config.c:15
    /* Configure gpio as input : Button Left-WKUP */
    /* Connect EXTI Line to gpio pin */
    GPIO_EXTILineConfig(GPIOA, GPIO_Pin_0);

    /* Configure EXTI Line to generate an interrupt */
    EXTI_InitStructure_KEY.EXTI_Line    = EXTI_Line0;
  16:	9500      	str	r5, [sp, #0]
C:\Users\Linux\Downloads\06_12\src/EXTI_config.c:16
    EXTI_InitStructure_KEY.EXTI_Mode    = EXTI_Mode_Interrupt;
  18:	f88d 4004 	strb.w	r4, [sp, #4]
C:\Users\Linux\Downloads\06_12\src/EXTI_config.c:17
    EXTI_InitStructure_KEY.EXTI_Trigger = EXTI_Trigger_Rising_Falling ;
  1c:	f88d 8005 	strb.w	r8, [sp, #5]
C:\Users\Linux\Downloads\06_12\src/EXTI_config.c:18
    EXTI_InitStructure_KEY.EXTI_LineCmd = ENABLE;
  20:	f88d 5006 	strb.w	r5, [sp, #6]
C:\Users\Linux\Downloads\06_12\src/EXTI_config.c:19
    EXTI_Init(&EXTI_InitStructure_KEY);
  24:	f7ff fffe 	bl	0 <EXTI_Init>
C:\Users\Linux\Downloads\06_12\src/EXTI_config.c:23

    /* Configure gpio as input : Button Right-USER */
    /* Connect EXTI Line to gpio pin */
    GPIO_EXTILineConfig(GPIOA, GPIO_Pin_1);
  28:	4620      	mov	r0, r4
  2a:	2102      	movs	r1, #2
  2c:	f7ff fffe 	bl	0 <GPIO_EXTILineConfig>
C:\Users\Linux\Downloads\06_12\src/EXTI_config.c:26

    /* Configure EXTI Line to generate an interrupt */  
    EXTI_InitStructure_KEY.EXTI_Line    = EXTI_Line1;
  30:	2302      	movs	r3, #2
C:\Users\Linux\Downloads\06_12\src/EXTI_config.c:30
    EXTI_InitStructure_KEY.EXTI_Mode    = EXTI_Mode_Interrupt;
    EXTI_InitStructure_KEY.EXTI_Trigger = EXTI_Trigger_Rising_Falling;
    EXTI_InitStructure_KEY.EXTI_LineCmd = ENABLE;
    EXTI_Init(&EXTI_InitStructure_KEY);
  32:	4668      	mov	r0, sp
C:\Users\Linux\Downloads\06_12\src/EXTI_config.c:19
    /* Configure EXTI Line to generate an interrupt */
    EXTI_InitStructure_KEY.EXTI_Line    = EXTI_Line0;
    EXTI_InitStructure_KEY.EXTI_Mode    = EXTI_Mode_Interrupt;
    EXTI_InitStructure_KEY.EXTI_Trigger = EXTI_Trigger_Rising_Falling ;
    EXTI_InitStructure_KEY.EXTI_LineCmd = ENABLE;
    EXTI_Init(&EXTI_InitStructure_KEY);
  34:	466e      	mov	r6, sp
C:\Users\Linux\Downloads\06_12\src/EXTI_config.c:26
    /* Configure gpio as input : Button Right-USER */
    /* Connect EXTI Line to gpio pin */
    GPIO_EXTILineConfig(GPIOA, GPIO_Pin_1);

    /* Configure EXTI Line to generate an interrupt */  
    EXTI_InitStructure_KEY.EXTI_Line    = EXTI_Line1;
  36:	9300      	str	r3, [sp, #0]
C:\Users\Linux\Downloads\06_12\src/EXTI_config.c:27
    EXTI_InitStructure_KEY.EXTI_Mode    = EXTI_Mode_Interrupt;
  38:	f88d 4004 	strb.w	r4, [sp, #4]
C:\Users\Linux\Downloads\06_12\src/EXTI_config.c:28
    EXTI_InitStructure_KEY.EXTI_Trigger = EXTI_Trigger_Rising_Falling;
  3c:	f88d 8005 	strb.w	r8, [sp, #5]
C:\Users\Linux\Downloads\06_12\src/EXTI_config.c:29
    EXTI_InitStructure_KEY.EXTI_LineCmd = ENABLE;
  40:	f88d 5006 	strb.w	r5, [sp, #6]
C:\Users\Linux\Downloads\06_12\src/EXTI_config.c:30
    EXTI_Init(&EXTI_InitStructure_KEY);
  44:	f7ff fffe 	bl	0 <EXTI_Init>
C:\Users\Linux\Downloads\06_12\src/EXTI_config.c:31
  48:	e8bd 817e 	ldmia.w	sp!, {r1, r2, r3, r4, r5, r6, r8, pc}
