
C:\Users\Linux\Downloads\06_12\obj\stm32f10x_exti.o:     file format elf32-littlearm
C:\Users\Linux\Downloads\06_12\obj\stm32f10x_exti.o

Disassembly of section .text.EXTI_DeInit:

00000000 <EXTI_DeInit>:
EXTI_DeInit():
C:\Users\Linux\Downloads\06_12\en.stsw-stm32054\STM32F10x_StdPeriph_Lib_V3.5.0\Libraries\STM32F10x_StdPeriph_Driver\src/stm32f10x_exti.c:87
  * @param  None
  * @retval None
  */
void EXTI_DeInit(void)
{
  EXTI->IMR = 0x00000000;
   0:	4b04      	ldr	r3, [pc, #16]	(14 <EXTI_DeInit+0x14>)
   2:	2200      	movs	r2, #0
   4:	601a      	str	r2, [r3, #0]
C:\Users\Linux\Downloads\06_12\en.stsw-stm32054\STM32F10x_StdPeriph_Lib_V3.5.0\Libraries\STM32F10x_StdPeriph_Driver\src/stm32f10x_exti.c:88
  EXTI->EMR = 0x00000000;
   6:	605a      	str	r2, [r3, #4]
C:\Users\Linux\Downloads\06_12\en.stsw-stm32054\STM32F10x_StdPeriph_Lib_V3.5.0\Libraries\STM32F10x_StdPeriph_Driver\src/stm32f10x_exti.c:89
  EXTI->RTSR = 0x00000000; 
   8:	609a      	str	r2, [r3, #8]
C:\Users\Linux\Downloads\06_12\en.stsw-stm32054\STM32F10x_StdPeriph_Lib_V3.5.0\Libraries\STM32F10x_StdPeriph_Driver\src/stm32f10x_exti.c:90
  EXTI->FTSR = 0x00000000; 
   a:	60da      	str	r2, [r3, #12]
C:\Users\Linux\Downloads\06_12\en.stsw-stm32054\STM32F10x_StdPeriph_Lib_V3.5.0\Libraries\STM32F10x_StdPeriph_Driver\src/stm32f10x_exti.c:91
  EXTI->PR = 0x000FFFFF;
   c:	4a02      	ldr	r2, [pc, #8]	(18 <EXTI_DeInit+0x18>)
   e:	615a      	str	r2, [r3, #20]
C:\Users\Linux\Downloads\06_12\en.stsw-stm32054\STM32F10x_StdPeriph_Lib_V3.5.0\Libraries\STM32F10x_StdPeriph_Driver\src/stm32f10x_exti.c:92
}
  10:	4770      	bx	lr
  12:	46c0      	nop			(mov r8, r8)
  14:	40010400 	.word	0x40010400
  18:	000fffff 	.word	0x000fffff
Disassembly of section .text.EXTI_Init:

00000000 <EXTI_Init>:
EXTI_Init():
C:\Users\Linux\Downloads\06_12\en.stsw-stm32054\STM32F10x_StdPeriph_Lib_V3.5.0\Libraries\STM32F10x_StdPeriph_Driver\src/stm32f10x_exti.c:113
  assert_param(IS_EXTI_LINE(EXTI_InitStruct->EXTI_Line));  
  assert_param(IS_FUNCTIONAL_STATE(EXTI_InitStruct->EXTI_LineCmd));

  tmp = (uint32_t)EXTI_BASE;
     
  if (EXTI_InitStruct->EXTI_LineCmd != DISABLE)
   0:	7983      	ldrb	r3, [r0, #6]
C:\Users\Linux\Downloads\06_12\en.stsw-stm32054\STM32F10x_StdPeriph_Lib_V3.5.0\Libraries\STM32F10x_StdPeriph_Driver\src/stm32f10x_exti.c:102
  * @param  EXTI_InitStruct: pointer to a EXTI_InitTypeDef structure
  *         that contains the configuration information for the EXTI peripheral.
  * @retval None
  */
void EXTI_Init(EXTI_InitTypeDef* EXTI_InitStruct)
{
   2:	b510      	push	{r4, lr}
   4:	f890 c004 	ldrb.w	ip, [r0, #4]
   8:	6804      	ldr	r4, [r0, #0]
C:\Users\Linux\Downloads\06_12\en.stsw-stm32054\STM32F10x_StdPeriph_Lib_V3.5.0\Libraries\STM32F10x_StdPeriph_Driver\src/stm32f10x_exti.c:113
  assert_param(IS_EXTI_LINE(EXTI_InitStruct->EXTI_Line));  
  assert_param(IS_FUNCTIONAL_STATE(EXTI_InitStruct->EXTI_LineCmd));

  tmp = (uint32_t)EXTI_BASE;
     
  if (EXTI_InitStruct->EXTI_LineCmd != DISABLE)
   a:	b34b      	cbz	r3, 60 <EXTI_Init+0x60>
C:\Users\Linux\Downloads\06_12\en.stsw-stm32054\STM32F10x_StdPeriph_Lib_V3.5.0\Libraries\STM32F10x_StdPeriph_Driver\src/stm32f10x_exti.c:116
  {
    /* Clear EXTI line configuration */
    EXTI->IMR &= ~EXTI_InitStruct->EXTI_Line;
   c:	4919      	ldr	r1, [pc, #100]	(74 <EXTI_Init+0x74>)
   e:	43e2      	mvns	r2, r4
  10:	680b      	ldr	r3, [r1, #0]
  12:	ea02 0303 	and.w	r3, r2, r3
  16:	600b      	str	r3, [r1, #0]
C:\Users\Linux\Downloads\06_12\en.stsw-stm32054\STM32F10x_StdPeriph_Lib_V3.5.0\Libraries\STM32F10x_StdPeriph_Driver\src/stm32f10x_exti.c:117
    EXTI->EMR &= ~EXTI_InitStruct->EXTI_Line;
  18:	684b      	ldr	r3, [r1, #4]
  1a:	401a      	ands	r2, r3
  1c:	604a      	str	r2, [r1, #4]
C:\Users\Linux\Downloads\06_12\en.stsw-stm32054\STM32F10x_StdPeriph_Lib_V3.5.0\Libraries\STM32F10x_StdPeriph_Driver\src/stm32f10x_exti.c:121
    
    tmp += EXTI_InitStruct->EXTI_Mode;

    *(__IO uint32_t *) tmp |= EXTI_InitStruct->EXTI_Line;
  1e:	f10c 4280 	add.w	r2, ip, #1073741824	; 0x40000000
  22:	f502 3282 	add.w	r2, r2, #66560	; 0x10400
  26:	6813      	ldr	r3, [r2, #0]
  28:	4323      	orrs	r3, r4
  2a:	6013      	str	r3, [r2, #0]
C:\Users\Linux\Downloads\06_12\en.stsw-stm32054\STM32F10x_StdPeriph_Lib_V3.5.0\Libraries\STM32F10x_StdPeriph_Driver\src/stm32f10x_exti.c:124

    /* Clear Rising Falling edge configuration */
    EXTI->RTSR &= ~EXTI_InitStruct->EXTI_Line;
  2c:	6804      	ldr	r4, [r0, #0]
  2e:	688b      	ldr	r3, [r1, #8]
  30:	43e2      	mvns	r2, r4
  32:	ea02 0303 	and.w	r3, r2, r3
  36:	608b      	str	r3, [r1, #8]
C:\Users\Linux\Downloads\06_12\en.stsw-stm32054\STM32F10x_StdPeriph_Lib_V3.5.0\Libraries\STM32F10x_StdPeriph_Driver\src/stm32f10x_exti.c:125
    EXTI->FTSR &= ~EXTI_InitStruct->EXTI_Line;
  38:	68cb      	ldr	r3, [r1, #12]
C:\Users\Linux\Downloads\06_12\en.stsw-stm32054\STM32F10x_StdPeriph_Lib_V3.5.0\Libraries\STM32F10x_StdPeriph_Driver\src/stm32f10x_exti.c:128
    
    /* Select the trigger for the selected external interrupts */
    if (EXTI_InitStruct->EXTI_Trigger == EXTI_Trigger_Rising_Falling)
  3a:	7940      	ldrb	r0, [r0, #5]
C:\Users\Linux\Downloads\06_12\en.stsw-stm32054\STM32F10x_StdPeriph_Lib_V3.5.0\Libraries\STM32F10x_StdPeriph_Driver\src/stm32f10x_exti.c:125

    *(__IO uint32_t *) tmp |= EXTI_InitStruct->EXTI_Line;

    /* Clear Rising Falling edge configuration */
    EXTI->RTSR &= ~EXTI_InitStruct->EXTI_Line;
    EXTI->FTSR &= ~EXTI_InitStruct->EXTI_Line;
  3c:	401a      	ands	r2, r3
C:\Users\Linux\Downloads\06_12\en.stsw-stm32054\STM32F10x_StdPeriph_Lib_V3.5.0\Libraries\STM32F10x_StdPeriph_Driver\src/stm32f10x_exti.c:128
    
    /* Select the trigger for the selected external interrupts */
    if (EXTI_InitStruct->EXTI_Trigger == EXTI_Trigger_Rising_Falling)
  3e:	2810      	cmp	r0, #16
C:\Users\Linux\Downloads\06_12\en.stsw-stm32054\STM32F10x_StdPeriph_Lib_V3.5.0\Libraries\STM32F10x_StdPeriph_Driver\src/stm32f10x_exti.c:125

    *(__IO uint32_t *) tmp |= EXTI_InitStruct->EXTI_Line;

    /* Clear Rising Falling edge configuration */
    EXTI->RTSR &= ~EXTI_InitStruct->EXTI_Line;
    EXTI->FTSR &= ~EXTI_InitStruct->EXTI_Line;
  40:	60ca      	str	r2, [r1, #12]
C:\Users\Linux\Downloads\06_12\en.stsw-stm32054\STM32F10x_StdPeriph_Lib_V3.5.0\Libraries\STM32F10x_StdPeriph_Driver\src/stm32f10x_exti.c:128
    
    /* Select the trigger for the selected external interrupts */
    if (EXTI_InitStruct->EXTI_Trigger == EXTI_Trigger_Rising_Falling)
  42:	d106      	bne.n	52 <EXTI_Init+0x52>
C:\Users\Linux\Downloads\06_12\en.stsw-stm32054\STM32F10x_StdPeriph_Lib_V3.5.0\Libraries\STM32F10x_StdPeriph_Driver\src/stm32f10x_exti.c:131
    {
      /* Rising Falling edge */
      EXTI->RTSR |= EXTI_InitStruct->EXTI_Line;
  44:	688b      	ldr	r3, [r1, #8]
  46:	4323      	orrs	r3, r4
  48:	608b      	str	r3, [r1, #8]
C:\Users\Linux\Downloads\06_12\en.stsw-stm32054\STM32F10x_StdPeriph_Lib_V3.5.0\Libraries\STM32F10x_StdPeriph_Driver\src/stm32f10x_exti.c:132
      EXTI->FTSR |= EXTI_InitStruct->EXTI_Line;
  4a:	68cb      	ldr	r3, [r1, #12]
  4c:	4323      	orrs	r3, r4
  4e:	60cb      	str	r3, [r1, #12]
  50:	e00e      	b.n	70 <EXTI_Init+0x70>
C:\Users\Linux\Downloads\06_12\en.stsw-stm32054\STM32F10x_StdPeriph_Lib_V3.5.0\Libraries\STM32F10x_StdPeriph_Driver\src/stm32f10x_exti.c:139
    else
    {
      tmp = (uint32_t)EXTI_BASE;
      tmp += EXTI_InitStruct->EXTI_Trigger;

      *(__IO uint32_t *) tmp |= EXTI_InitStruct->EXTI_Line;
  52:	f100 4280 	add.w	r2, r0, #1073741824	; 0x40000000
  56:	f502 3282 	add.w	r2, r2, #66560	; 0x10400
  5a:	6813      	ldr	r3, [r2, #0]
  5c:	4323      	orrs	r3, r4
  5e:	e006      	b.n	6e <EXTI_Init+0x6e>
C:\Users\Linux\Downloads\06_12\en.stsw-stm32054\STM32F10x_StdPeriph_Lib_V3.5.0\Libraries\STM32F10x_StdPeriph_Driver\src/stm32f10x_exti.c:147
  else
  {
    tmp += EXTI_InitStruct->EXTI_Mode;

    /* Disable the selected external lines */
    *(__IO uint32_t *) tmp &= ~EXTI_InitStruct->EXTI_Line;
  60:	f10c 4280 	add.w	r2, ip, #1073741824	; 0x40000000
  64:	f502 3282 	add.w	r2, r2, #66560	; 0x10400
  68:	6813      	ldr	r3, [r2, #0]
  6a:	ea23 0304 	bic.w	r3, r3, r4
  6e:	6013      	str	r3, [r2, #0]
C:\Users\Linux\Downloads\06_12\en.stsw-stm32054\STM32F10x_StdPeriph_Lib_V3.5.0\Libraries\STM32F10x_StdPeriph_Driver\src/stm32f10x_exti.c:149
  }
}
  70:	bd10      	pop	{r4, pc}
  72:	46c0      	nop			(mov r8, r8)
  74:	40010400 	.word	0x40010400
Disassembly of section .text.EXTI_StructInit:

00000000 <EXTI_StructInit>:
EXTI_StructInit():
C:\Users\Linux\Downloads\06_12\en.stsw-stm32054\STM32F10x_StdPeriph_Lib_V3.5.0\Libraries\STM32F10x_StdPeriph_Driver\src/stm32f10x_exti.c:159
  *         be initialized.
  * @retval None
  */
void EXTI_StructInit(EXTI_InitTypeDef* EXTI_InitStruct)
{
  EXTI_InitStruct->EXTI_Line = EXTI_LINENONE;
   0:	2200      	movs	r2, #0
C:\Users\Linux\Downloads\06_12\en.stsw-stm32054\STM32F10x_StdPeriph_Lib_V3.5.0\Libraries\STM32F10x_StdPeriph_Driver\src/stm32f10x_exti.c:161
  EXTI_InitStruct->EXTI_Mode = EXTI_Mode_Interrupt;
  EXTI_InitStruct->EXTI_Trigger = EXTI_Trigger_Falling;
   2:	230c      	movs	r3, #12
C:\Users\Linux\Downloads\06_12\en.stsw-stm32054\STM32F10x_StdPeriph_Lib_V3.5.0\Libraries\STM32F10x_StdPeriph_Driver\src/stm32f10x_exti.c:159
  *         be initialized.
  * @retval None
  */
void EXTI_StructInit(EXTI_InitTypeDef* EXTI_InitStruct)
{
  EXTI_InitStruct->EXTI_Line = EXTI_LINENONE;
   4:	6002      	str	r2, [r0, #0]
C:\Users\Linux\Downloads\06_12\en.stsw-stm32054\STM32F10x_StdPeriph_Lib_V3.5.0\Libraries\STM32F10x_StdPeriph_Driver\src/stm32f10x_exti.c:160
  EXTI_InitStruct->EXTI_Mode = EXTI_Mode_Interrupt;
   6:	7102      	strb	r2, [r0, #4]
C:\Users\Linux\Downloads\06_12\en.stsw-stm32054\STM32F10x_StdPeriph_Lib_V3.5.0\Libraries\STM32F10x_StdPeriph_Driver\src/stm32f10x_exti.c:161
  EXTI_InitStruct->EXTI_Trigger = EXTI_Trigger_Falling;
   8:	7143      	strb	r3, [r0, #5]
C:\Users\Linux\Downloads\06_12\en.stsw-stm32054\STM32F10x_StdPeriph_Lib_V3.5.0\Libraries\STM32F10x_StdPeriph_Driver\src/stm32f10x_exti.c:162
  EXTI_InitStruct->EXTI_LineCmd = DISABLE;
   a:	7182      	strb	r2, [r0, #6]
C:\Users\Linux\Downloads\06_12\en.stsw-stm32054\STM32F10x_StdPeriph_Lib_V3.5.0\Libraries\STM32F10x_StdPeriph_Driver\src/stm32f10x_exti.c:163
}
   c:	4770      	bx	lr
   e:	46c0      	nop			(mov r8, r8)
Disassembly of section .text.EXTI_GenerateSWInterrupt:

00000000 <EXTI_GenerateSWInterrupt>:
EXTI_GenerateSWInterrupt():
C:\Users\Linux\Downloads\06_12\en.stsw-stm32054\STM32F10x_StdPeriph_Lib_V3.5.0\Libraries\STM32F10x_StdPeriph_Driver\src/stm32f10x_exti.c:176
void EXTI_GenerateSWInterrupt(uint32_t EXTI_Line)
{
  /* Check the parameters */
  assert_param(IS_EXTI_LINE(EXTI_Line));
  
  EXTI->SWIER |= EXTI_Line;
   0:	4b02      	ldr	r3, [pc, #8]	(c <EXTI_GenerateSWInterrupt+0xc>)
   2:	691a      	ldr	r2, [r3, #16]
   4:	4310      	orrs	r0, r2
   6:	6118      	str	r0, [r3, #16]
C:\Users\Linux\Downloads\06_12\en.stsw-stm32054\STM32F10x_StdPeriph_Lib_V3.5.0\Libraries\STM32F10x_StdPeriph_Driver\src/stm32f10x_exti.c:177
}
   8:	4770      	bx	lr
   a:	46c0      	nop			(mov r8, r8)
   c:	40010400 	.word	0x40010400
Disassembly of section .text.EXTI_GetFlagStatus:

00000000 <EXTI_GetFlagStatus>:
EXTI_GetFlagStatus():
C:\Users\Linux\Downloads\06_12\en.stsw-stm32054\STM32F10x_StdPeriph_Lib_V3.5.0\Libraries\STM32F10x_StdPeriph_Driver\src/stm32f10x_exti.c:192
{
  FlagStatus bitstatus = RESET;
  /* Check the parameters */
  assert_param(IS_GET_EXTI_LINE(EXTI_Line));
  
  if ((EXTI->PR & EXTI_Line) != (uint32_t)RESET)
   0:	4b03      	ldr	r3, [pc, #12]	(10 <EXTI_GetFlagStatus+0x10>)
   2:	695b      	ldr	r3, [r3, #20]
   4:	4218      	tst	r0, r3
C:\Users\Linux\Downloads\06_12\en.stsw-stm32054\STM32F10x_StdPeriph_Lib_V3.5.0\Libraries\STM32F10x_StdPeriph_Driver\src/stm32f10x_exti.c:201
  else
  {
    bitstatus = RESET;
  }
  return bitstatus;
}
   6:	bf0c      	ite	eq
   8:	2000      	moveq	r0, #0
   a:	2001      	movne	r0, #1
   c:	4770      	bx	lr
   e:	46c0      	nop			(mov r8, r8)
  10:	40010400 	.word	0x40010400
Disassembly of section .text.EXTI_ClearFlag:

00000000 <EXTI_ClearFlag>:
EXTI_ClearFlag():
C:\Users\Linux\Downloads\06_12\en.stsw-stm32054\STM32F10x_StdPeriph_Lib_V3.5.0\Libraries\STM32F10x_StdPeriph_Driver\src/stm32f10x_exti.c:214
void EXTI_ClearFlag(uint32_t EXTI_Line)
{
  /* Check the parameters */
  assert_param(IS_EXTI_LINE(EXTI_Line));
  
  EXTI->PR = EXTI_Line;
   0:	4b01      	ldr	r3, [pc, #4]	(8 <EXTI_ClearFlag+0x8>)
   2:	6158      	str	r0, [r3, #20]
C:\Users\Linux\Downloads\06_12\en.stsw-stm32054\STM32F10x_StdPeriph_Lib_V3.5.0\Libraries\STM32F10x_StdPeriph_Driver\src/stm32f10x_exti.c:215
}
   4:	4770      	bx	lr
   6:	46c0      	nop			(mov r8, r8)
   8:	40010400 	.word	0x40010400
Disassembly of section .text.EXTI_GetITStatus:

00000000 <EXTI_GetITStatus>:
EXTI_GetITStatus():
C:\Users\Linux\Downloads\06_12\en.stsw-stm32054\STM32F10x_StdPeriph_Lib_V3.5.0\Libraries\STM32F10x_StdPeriph_Driver\src/stm32f10x_exti.c:231
  ITStatus bitstatus = RESET;
  uint32_t enablestatus = 0;
  /* Check the parameters */
  assert_param(IS_GET_EXTI_LINE(EXTI_Line));
  
  enablestatus =  EXTI->IMR & EXTI_Line;
   0:	4b05      	ldr	r3, [pc, #20]	(18 <EXTI_GetITStatus+0x18>)
   2:	681a      	ldr	r2, [r3, #0]
C:\Users\Linux\Downloads\06_12\en.stsw-stm32054\STM32F10x_StdPeriph_Lib_V3.5.0\Libraries\STM32F10x_StdPeriph_Driver\src/stm32f10x_exti.c:232
  if (((EXTI->PR & EXTI_Line) != (uint32_t)RESET) && (enablestatus != (uint32_t)RESET))
   4:	695b      	ldr	r3, [r3, #20]
   6:	4003      	ands	r3, r0
   8:	d101      	bne.n	e <EXTI_GetITStatus+0xe>
   a:	4618      	mov	r0, r3
   c:	e003      	b.n	16 <EXTI_GetITStatus+0x16>
   e:	4210      	tst	r0, r2
  10:	bf0c      	ite	eq
  12:	2000      	moveq	r0, #0
  14:	2001      	movne	r0, #1
C:\Users\Linux\Downloads\06_12\en.stsw-stm32054\STM32F10x_StdPeriph_Lib_V3.5.0\Libraries\STM32F10x_StdPeriph_Driver\src/stm32f10x_exti.c:241
  else
  {
    bitstatus = RESET;
  }
  return bitstatus;
}
  16:	4770      	bx	lr
  18:	40010400 	.word	0x40010400
Disassembly of section .text.EXTI_ClearITPendingBit:

00000000 <EXTI_ClearITPendingBit>:
EXTI_ClearITPendingBit():
C:\Users\Linux\Downloads\06_12\en.stsw-stm32054\STM32F10x_StdPeriph_Lib_V3.5.0\Libraries\STM32F10x_StdPeriph_Driver\src/stm32f10x_exti.c:254
void EXTI_ClearITPendingBit(uint32_t EXTI_Line)
{
  /* Check the parameters */
  assert_param(IS_EXTI_LINE(EXTI_Line));
  
  EXTI->PR = EXTI_Line;
   0:	4b01      	ldr	r3, [pc, #4]	(8 <EXTI_ClearITPendingBit+0x8>)
   2:	6158      	str	r0, [r3, #20]
C:\Users\Linux\Downloads\06_12\en.stsw-stm32054\STM32F10x_StdPeriph_Lib_V3.5.0\Libraries\STM32F10x_StdPeriph_Driver\src/stm32f10x_exti.c:255
}
   4:	4770      	bx	lr
   6:	46c0      	nop			(mov r8, r8)
   8:	40010400 	.word	0x40010400
